../Core/Src/LCD/ssd1315.c:16:13:SSD1315_WriteCommand	32	static
../Core/Src/LCD/ssd1315.c:20:9:SSD1315_Init	16	static
../Core/Src/LCD/ssd1315.c:56:6:SSD1315_Clear	8	static
../Core/Src/LCD/ssd1315.c:61:6:SSD1315_UpdateScreen	40	static
../Core/Src/LCD/ssd1315.c:73:6:SSD1315_DrawPixel	16	static
../Core/Src/LCD/ssd1315.c:83:6:SSD1315_DrawBorder	32	static
../Core/Src/LCD/ssd1315.c:198:6:SSD1315_DrawChar	24	static
../Core/Src/LCD/ssd1315.c:221:6:SSD1315_DrawString	16	static
../Core/Src/LCD/ssd1315.c:230:6:Menu_Init	16	static
../Core/Src/LCD/ssd1315.c:238:6:Menu_Draw	64	static
../Core/Src/LCD/ssd1315.c:345:6:Menu_HandleButtonClick	16	static
../Core/Src/LCD/ssd1315.c:365:6:Menu_HandleButtonEncoder	16	static
../Core/Src/LCD/ssd1315.c:376:6:Menu_SwitchUSBRx	16	static
