../Core/Src/main.c:72:6:Usb_Rx_Draw	16	static
../Core/Src/main.c:109:6:Dht_Read_Draw	152	static
../Core/Src/main.c:132:6:ADC_Read_Draw	56	static
../Core/Src/main.c:173:5:main	8	static
../Core/Src/main.c:225:6:SystemClock_Config	88	static
../Core/Src/main.c:267:6:Servo_Init	8	static
../Core/Src/main.c:271:6:Servo_SetAngle	24	static
../Core/Src/main.c:278:6:init_all	32	static
../Core/Src/main.c:328:6:HAL_TIM_PeriodElapsedCallback	16	static
../Core/Src/main.c:340:6:Error_Handler	4	static,ignoring_inline_asm
