../Core/Src/main.c:72:6:Usb_Rx_Draw	16	static
../Core/Src/main.c:91:6:Dht_Read_Draw	152	static
../Core/Src/main.c:112:6:ADC_Read_Draw	64	static
../Core/Src/main.c:157:5:main	8	static
../Core/Src/main.c:209:6:SystemClock_Config	88	static
../Core/Src/main.c:251:6:Servo_Init	8	static
../Core/Src/main.c:255:6:Servo_SetAngle	24	static
../Core/Src/main.c:262:6:init_all	32	static
../Core/Src/main.c:310:6:HAL_TIM_PeriodElapsedCallback	16	static
../Core/Src/main.c:322:6:Error_Handler	4	static,ignoring_inline_asm
